Enter the preorder traversal of the BST: Enter value of lower: Enter value of upper: BST before trimming values between 3 and 7:

           9
          / \
         /   \
        /     \
       /       \
      4        11
     / \       / \
    /   \     /   \
   /     \   10   12
  2       6
 / \     / \
1   3   5   7
             \
              8

BST after trimming values between 3 and 7:
=== ignored by test >>>

       9
      / \
     /   \
    8    11
   /     / \
  2     /   \
 /     10   12
1

<<< ignored by test ===

Inorder traversal of the BST: 1 2 8 9 10 11 12 
