Enter the preorder traversal of the BST: Enter value of lower: Enter value of upper: BST before trimming values between 8 and 8:

              8
             / \
            /   \
           /     \
          /       \
         /         \
        /           \
       /             \
      4              12
     / \             / \
    /   \           /   \
   /     \         /     \
  2       6       10     14
 / \     / \     / \     / \
1   3   5   7   9  11   /   \
                       13   15

BST after trimming values between 8 and 8:
=== ignored by test >>>

             9
            / \
           /   \
          /     \
         /       \
        /         \
       /           \
      4            12
     / \           / \
    /   \         /   \
   /     \       /     \
  2       6     10     14
 / \     / \     \     / \
1   3   5   7    11   /   \
                     13   15

<<< ignored by test ===

Inorder traversal of the BST: 1 2 3 4 5 6 7 9 10 11 12 13 14 15 
