Enter the preorder traversal of the BST: Enter value of lower: Enter value of upper: BST before trimming values between 7 and 8:

5

BST after trimming values between 7 and 8:
=== ignored by test >>>

5

<<< ignored by test ===

Inorder traversal of the BST: 5 
